SQL> drop table id;
drop table id
           *
ERROR at line 1:
ORA-00942: table or view does not exist 


SQL> drop table engagement;
drop table engagement
           *
ERROR at line 1:
ORA-00942: table or view does not exist 


SQL> create table id(
  2  id varchar2(10) primary key,
  3  grade number not null,
  4  pwd
  5  
SQL> create table id(
  2  id varchar2(10) primary key,
  3  grade number default 1,
  4  pwd varchar2(10) not null,
  5  name varchar2(8) not null,
  6  email varchar2(15) not null,
  7  mobile varchar2(13) not null,
  8  written date not null,
  9  recommended number,
 10  belongs varchar2(5)
 11  );

Table created.

SQL> create table engagement(
  2  num number primary key
  3  
SQL> create table appointment(
  2  num number primary key,
  3  title varchar2(10) not null,
  4  location varchar2(10) not null,
  5  time varchar2(8) not null,
  6  reply varchar2(10),
  7  written date not null,
  8  id varchar2(10),
  9  numlimit number,
 10  viewcount number
 11  );

Table created.

SQL> alter table appointment
  2  add constraints c not null id;
add constraints c not null id
                  *
ERROR at line 2:
ORA-00904: : invalid identifier 


SQL> add constraints not null (id);
SP2-0734: unknown command beginning "add constr..." - rest of line ignored.
SQL> alter table appointment
  2  add constraints not null id;
add constraints not null id
                         *
ERROR at line 2:
ORA-01735: invalid ALTER TABLE option 


SQL> alter table appointment
  2  add constraints not null (id);
add constraints not null (id)
                          *
ERROR at line 2:
ORA-01735: invalid ALTER TABLE option 


SQL> alter table appointment
  2  add constraints nulling not null id;
add constraints nulling not null id
                        *
ERROR at line 2:
ORA-00904: : invalid identifier 


SQL> alter table appointment
  2  add constraints nulling notnull id;
add constraints nulling notnull id
                                *
ERROR at line 2:
ORA-00902: invalid datatype 


SQL> alter table appointment
  2  add constraints nulling not null 'id';
add constraints nulling not null 'id'
                        *
ERROR at line 2:
ORA-00904: : invalid identifier 


SQL> alter table appointment
  2  add constraints nulling notnull 'id';
add constraints nulling notnull 'id'
                                *
ERROR at line 2:
ORA-00902: invalid datatype 


SQL> alter table appointment
  2  add constraints nulling not null (id);
add constraints nulling not null (id)
                        *
ERROR at line 2:
ORA-00904: : invalid identifier 


SQL> alter table appointment
  2  add constraints nulling_id not null(id);
add constraints nulling_id not null(id)
                           *
ERROR at line 2:
ORA-00904: : invalid identifier 


SQL> alter table appointment
  2  modify id varchar2(10) not null;

Table altered.

SQL> desc id;
 Name                                                                                                                                                                                                                                                                                                                                                                                                                                                                                                                                                                                                                                                                                                                                                                                                                                                                                                                                                                                                                                                                                                                                                                                                                                                                                                                                                                                                                          Null?    Type
 ----------------------------------------------------------------------------------------------------------------------------------------------------------------------------------------------------------------------------------------------------------------------------------------------------------------------------------------------------------------------------------------------------------------------------------------------------------------------------------------------------------------------------------------------------------------------------------------------------------------------------------------------------------------------------------------------------------------------------------------------------------------------------------------------------------------------------------------------------------------------------------------------------------------------------------------------------------------------------------------------------------------------------------------------------------------------------------------------------------------------------------------------------------------------------------------------------------------------------------------------------------------------------------------------------------------------------------------------------------------------------------------------------------------------------- -------- ----------------------------------------------------------------------------------------------------------------------------------------------------------------------------------------------------------------------------------------------------------------------------------------------------------------------------------------------------------------------------------------------------------------------------------------------------------------------------------------------------------------------------------------------------------------------------------------------------------------------------------------------------------------------------------------------------------------------------------------------------------------------------------------------------------------------------------------------------------------------------------------------------------------------------------------------------
 ID                                                                                                                                                                                                                                                                                                                                                                                                                                                                                                                                                                                                                                                                                                                                                                                                                                                                                                                                                                                                                                                                                                                                                                                                                                                                                                                                                                                                                            NOT NULL VARCHAR2(10)
 GRADE                                                                                                                                                                                                                                                                                                                                                                                                                                                                                                                                                                                                                                                                                                                                                                                                                                                                                                                                                                                                                                                                                                                                                                                                                                                                                                                                                                                                                                  NUMBER
 PWD                                                                                                                                                                                                                                                                                                                                                                                                                                                                                                                                                                                                                                                                                                                                                                                                                                                                                                                                                                                                                                                                                                                                                                                                                                                                                                                                                                                                                           NOT NULL VARCHAR2(10)
 NAME                                                                                                                                                                                                                                                                                                                                                                                                                                                                                                                                                                                                                                                                                                                                                                                                                                                                                                                                                                                                                                                                                                                                                                                                                                                                                                                                                                                                                          NOT NULL VARCHAR2(8)
 EMAIL                                                                                                                                                                                                                                                                                                                                                                                                                                                                                                                                                                                                                                                                                                                                                                                                                                                                                                                                                                                                                                                                                                                                                                                                                                                                                                                                                                                                                         NOT NULL VARCHAR2(15)
 MOBILE                                                                                                                                                                                                                                                                                                                                                                                                                                                                                                                                                                                                                                                                                                                                                                                                                                                                                                                                                                                                                                                                                                                                                                                                                                                                                                                                                                                                                        NOT NULL VARCHAR2(13)
 WRITTEN                                                                                                                                                                                                                                                                                                                                                                                                                                                                                                                                                                                                                                                                                                                                                                                                                                                                                                                                                                                                                                                                                                                                                                                                                                                                                                                                                                                                                       NOT NULL DATE
 RECOMMENDED                                                                                                                                                                                                                                                                                                                                                                                                                                                                                                                                                                                                                                                                                                                                                                                                                                                                                                                                                                                                                                                                                                                                                                                                                                                                                                                                                                                                                            NUMBER
 BELONGS                                                                                                                                                                                                                                                                                                                                                                                                                                                                                                                                                                                                                                                                                                                                                                                                                                                                                                                                                                                                                                                                                                                                                                                                                                                                                                                                                                                                                                VARCHAR2(5)

SQL> 
SQL> set pagesize 2300;
SQL> set linesize 2300;
SQL> desc id;
 Name                                                                                                                                                                                                                                                                                                                                                                                                                                                                                                                                                                                                                                                                                                                                                                                                                                                                                                                                                                                                                                                                                                                                                                                                                                                                                                                                                                                                                          Null?    Type
 ----------------------------------------------------------------------------------------------------------------------------------------------------------------------------------------------------------------------------------------------------------------------------------------------------------------------------------------------------------------------------------------------------------------------------------------------------------------------------------------------------------------------------------------------------------------------------------------------------------------------------------------------------------------------------------------------------------------------------------------------------------------------------------------------------------------------------------------------------------------------------------------------------------------------------------------------------------------------------------------------------------------------------------------------------------------------------------------------------------------------------------------------------------------------------------------------------------------------------------------------------------------------------------------------------------------------------------------------------------------------------------------------------------------------------- -------- ----------------------------------------------------------------------------------------------------------------------------------------------------------------------------------------------------------------------------------------------------------------------------------------------------------------------------------------------------------------------------------------------------------------------------------------------------------------------------------------------------------------------------------------------------------------------------------------------------------------------------------------------------------------------------------------------------------------------------------------------------------------------------------------------------------------------------------------------------------------------------------------------------------------------------------------------------
 ID                                                                                                                                                                                                                                                                                                                                                                                                                                                                                                                                                                                                                                                                                                                                                                                                                                                                                                                                                                                                                                                                                                                                                                                                                                                                                                                                                                                                                            NOT NULL VARCHAR2(10)
 GRADE                                                                                                                                                                                                                                                                                                                                                                                                                                                                                                                                                                                                                                                                                                                                                                                                                                                                                                                                                                                                                                                                                                                                                                                                                                                                                                                                                                                                                                  NUMBER
 PWD                                                                                                                                                                                                                                                                                                                                                                                                                                                                                                                                                                                                                                                                                                                                                                                                                                                                                                                                                                                                                                                                                                                                                                                                                                                                                                                                                                                                                           NOT NULL VARCHAR2(10)
 NAME                                                                                                                                                                                                                                                                                                                                                                                                                                                                                                                                                                                                                                                                                                                                                                                                                                                                                                                                                                                                                                                                                                                                                                                                                                                                                                                                                                                                                          NOT NULL VARCHAR2(8)
 EMAIL                                                                                                                                                                                                                                                                                                                                                                                                                                                                                                                                                                                                                                                                                                                                                                                                                                                                                                                                                                                                                                                                                                                                                                                                                                                                                                                                                                                                                         NOT NULL VARCHAR2(15)
 MOBILE                                                                                                                                                                                                                                                                                                                                                                                                                                                                                                                                                                                                                                                                                                                                                                                                                                                                                                                                                                                                                                                                                                                                                                                                                                                                                                                                                                                                                        NOT NULL VARCHAR2(13)
 WRITTEN                                                                                                                                                                                                                                                                                                                                                                                                                                                                                                                                                                                                                                                                                                                                                                                                                                                                                                                                                                                                                                                                                                                                                                                                                                                                                                                                                                                                                       NOT NULL DATE
 RECOMMENDED                                                                                                                                                                                                                                                                                                                                                                                                                                                                                                                                                                                                                                                                                                                                                                                                                                                                                                                                                                                                                                                                                                                                                                                                                                                                                                                                                                                                                            NUMBER
 BELONGS                                                                                                                                                                                                                                                                                                                                                                                                                                                                                                                                                                                                                                                                                                                                                                                                                                                                                                                                                                                                                                                                                                                                                                                                                                                                                                                                                                                                                                VARCHAR2(5)

SQL> desc appoinment;
ERROR:
ORA-04043: object appoinment does not exist 


SQL> desc appointment;
 Name                                                                                                                                                                                                                                                                                                                                                                                                                                                                                                                                                                                                                                                                                                                                                                                                                                                                                                                                                                                                                                                                                                                                                                                                                                                                                                                                                                                                                          Null?    Type
 ----------------------------------------------------------------------------------------------------------------------------------------------------------------------------------------------------------------------------------------------------------------------------------------------------------------------------------------------------------------------------------------------------------------------------------------------------------------------------------------------------------------------------------------------------------------------------------------------------------------------------------------------------------------------------------------------------------------------------------------------------------------------------------------------------------------------------------------------------------------------------------------------------------------------------------------------------------------------------------------------------------------------------------------------------------------------------------------------------------------------------------------------------------------------------------------------------------------------------------------------------------------------------------------------------------------------------------------------------------------------------------------------------------------------------- -------- ----------------------------------------------------------------------------------------------------------------------------------------------------------------------------------------------------------------------------------------------------------------------------------------------------------------------------------------------------------------------------------------------------------------------------------------------------------------------------------------------------------------------------------------------------------------------------------------------------------------------------------------------------------------------------------------------------------------------------------------------------------------------------------------------------------------------------------------------------------------------------------------------------------------------------------------------------
 NUM                                                                                                                                                                                                                                                                                                                                                                                                                                                                                                                                                                                                                                                                                                                                                                                                                                                                                                                                                                                                                                                                                                                                                                                                                                                                                                                                                                                                                           NOT NULL NUMBER
 TITLE                                                                                                                                                                                                                                                                                                                                                                                                                                                                                                                                                                                                                                                                                                                                                                                                                                                                                                                                                                                                                                                                                                                                                                                                                                                                                                                                                                                                                         NOT NULL VARCHAR2(10)
 LOCATION                                                                                                                                                                                                                                                                                                                                                                                                                                                                                                                                                                                                                                                                                                                                                                                                                                                                                                                                                                                                                                                                                                                                                                                                                                                                                                                                                                                                                      NOT NULL VARCHAR2(10)
 TIME                                                                                                                                                                                                                                                                                                                                                                                                                                                                                                                                                                                                                                                                                                                                                                                                                                                                                                                                                                                                                                                                                                                                                                                                                                                                                                                                                                                                                          NOT NULL VARCHAR2(8)
 REPLY                                                                                                                                                                                                                                                                                                                                                                                                                                                                                                                                                                                                                                                                                                                                                                                                                                                                                                                                                                                                                                                                                                                                                                                                                                                                                                                                                                                                                                  VARCHAR2(10)
 WRITTEN                                                                                                                                                                                                                                                                                                                                                                                                                                                                                                                                                                                                                                                                                                                                                                                                                                                                                                                                                                                                                                                                                                                                                                                                                                                                                                                                                                                                                       NOT NULL DATE
 ID                                                                                                                                                                                                                                                                                                                                                                                                                                                                                                                                                                                                                                                                                                                                                                                                                                                                                                                                                                                                                                                                                                                                                                                                                                                                                                                                                                                                                            NOT NULL VARCHAR2(10)
 NUMLIMIT                                                                                                                                                                                                                                                                                                                                                                                                                                                                                                                                                                                                                                                                                                                                                                                                                                                                                                                                                                                                                                                                                                                                                                                                                                                                                                                                                                                                                               NUMBER
 VIEWCOUNT                                                                                                                                                                                                                                                                                                                                                                                                                                                                                                                                                                                                                                                                                                                                                                                                                                                                                                                                                                                                                                                                                                                                                                                                                                                                                                                                                                                                                              NUMBER

SQL> create table board(
  2  num number primary key,
  3  title varchar2(20) not null,
  4  contents varchar2(200) not null,
   5  reply
Disconnected from Oracle Database 11g Express Edition Release 11.2.0.2.0 - 64bit Production

C:\Users\ljw81>sqlplus system/1234

SQL*Plus: Release 11.2.0.2.0 Production on 월 7월 12 14:15:55 2021

Copyright (c) 1982, 2014, Oracle.  All rights reserved.


Connected to:
Oracle Database 11g Express Edition Release 11.2.0.2.0 - 64bit Production

SQL> create table board(
  2  num number primary key,
  3  title varchar2(20) not null,
  4  contents varchar2(200) not null,
  5  reply varchar2(200) not null,
  6  recommanded number,
  7  written date not null,
  8  id varchar2(20) not null,
  9  viewcount number
 10  );
create table board(
             *
ERROR at line 1:
ORA-00955: name is already used by an existing object


SQL> drop table board;

Table dropped.

SQL> create table board(
  2  num number primary key,
  3  title varchar2(20) not null,
  4  contents varchar2(200) not null,
  5  reply varchar2(200) not null,
  6  recommanded number,
  7  written date not null,
  8  id varchar2(20) not null,
  9  viewcount number
 10  );

Table created.

SQL> create table freeboard as select * from board;

Table created.

SQL> desc freeboard;
 Name                                      Null?    Type
 ----------------------------------------- -------- ----------------------------
 NUM                                                NUMBER
 TITLE                                     NOT NULL VARCHAR2(20)
 CONTENTS                                  NOT NULL VARCHAR2(200)
 REPLY                                     NOT NULL VARCHAR2(200)
 RECOMMANDED                                        NUMBER
 WRITTEN                                   NOT NULL DATE
 ID                                        NOT NULL VARCHAR2(20)
 VIEWCOUNT                                          NUMBER

SQL> create table review as select * from board;

Table created.

SQL> desc review;
 Name                                      Null?    Type
 ----------------------------------------- -------- ----------------------------
 NUM                                                NUMBER
 TITLE                                     NOT NULL VARCHAR2(20)
 CONTENTS                                  NOT NULL VARCHAR2(200)
 REPLY                                     NOT NULL VARCHAR2(200)
 RECOMMANDED                                        NUMBER
 WRITTEN                                   NOT NULL DATE
 ID                                        NOT NULL VARCHAR2(20)
 VIEWCOUNT                                          NUMBER

SQL> alter table board
  2  modify reply varchar2(200) null;

Table altered.

SQL> desc board;
 Name                                      Null?    Type
 ----------------------------------------- -------- ----------------------------
 NUM                                       NOT NULL NUMBER
 TITLE                                     NOT NULL VARCHAR2(20)
 CONTENTS                                  NOT NULL VARCHAR2(200)
 REPLY                                              VARCHAR2(200)
 RECOMMANDED                                        NUMBER
 WRITTEN                                   NOT NULL DATE
 ID                                        NOT NULL VARCHAR2(20)
 VIEWCOUNT                                          NUMBER

SQL> alter table freeboard
  2  modify reply varchar2(200) null;

Table altered.

SQL> alter table review
  2  modify reply varchar2(200) null;

Table altered.

SQL> desc freeboard;
 Name                                      Null?    Type
 ----------------------------------------- -------- ----------------------------
 NUM                                                NUMBER
 TITLE                                     NOT NULL VARCHAR2(20)
 CONTENTS                                  NOT NULL VARCHAR2(200)
 REPLY                                              VARCHAR2(200)
 RECOMMANDED                                        NUMBER
 WRITTEN                                   NOT NULL DATE
 ID                                        NOT NULL VARCHAR2(20)
 VIEWCOUNT                                          NUMBER

SQL> alter table review
  2  modify contents varchar2(200) null;

Table altered.

SQL> alter table review
  2
SQL> alter table board
  2  modify contents varchar2(200) null;

Table altered.

SQL> alter table freeboard
  2  modify contents varchar2(200) null;

Table altered.

SQL> decs freeboard;
SP2-0734: unknown command beginning "decs freeb..." - rest of line ignored.
SQL> desc freeboard;
 Name                                      Null?    Type
 ----------------------------------------- -------- ----------------------------
 NUM                                                NUMBER
 TITLE                                     NOT NULL VARCHAR2(20)
 CONTENTS                                           VARCHAR2(200)
 REPLY                                              VARCHAR2(200)
 RECOMMANDED                                        NUMBER
 WRITTEN                                   NOT NULL DATE
 ID                                        NOT NULL VARCHAR2(20)
 VIEWCOUNT                                          NUMBER

SQL> desc board;l
SP2-0565: Illegal identifier.
SQL> desc board;
 Name                                      Null?    Type
 ----------------------------------------- -------- ----------------------------
 NUM                                       NOT NULL NUMBER
 TITLE                                     NOT NULL VARCHAR2(20)
 CONTENTS                                           VARCHAR2(200)
 REPLY                                              VARCHAR2(200)
 RECOMMANDED                                        NUMBER
 WRITTEN                                   NOT NULL DATE
 ID                                        NOT NULL VARCHAR2(20)
 VIEWCOUNT                                          NUMBER

SQL> desc freeboard;
 Name                                      Null?    Type
 ----------------------------------------- -------- ----------------------------
 NUM                                                NUMBER
 TITLE                                     NOT NULL VARCHAR2(20)
 CONTENTS                                           VARCHAR2(200)
 REPLY                                              VARCHAR2(200)
 RECOMMANDED                                        NUMBER
 WRITTEN                                   NOT NULL DATE
 ID                                        NOT NULL VARCHAR2(20)
 VIEWCOUNT                                          NUMBER

SQL> desc review;
 Name                                      Null?    Type
 ----------------------------------------- -------- ----------------------------
 NUM                                                NUMBER
 TITLE                                     NOT NULL VARCHAR2(20)
 CONTENTS                                           VARCHAR2(200)
 REPLY                                              VARCHAR2(200)
 RECOMMANDED                                        NUMBER
 WRITTEN                                   NOT NULL DATE
 ID                                        NOT NULL VARCHAR2(20)
 VIEWCOUNT                                          NUMBER

SQL> alter table review
  2  modify num number primary key;

Table altered.

SQL> desc review;
 Name                                      Null?    Type
 ----------------------------------------- -------- ----------------------------
 NUM                                       NOT NULL NUMBER
 TITLE                                     NOT NULL VARCHAR2(20)
 CONTENTS                                           VARCHAR2(200)
 REPLY                                              VARCHAR2(200)
 RECOMMANDED                                        NUMBER
 WRITTEN                                   NOT NULL DATE
 ID                                        NOT NULL VARCHAR2(20)
 VIEWCOUNT                                          NUMBER

SQL> alter table freeboard
  2  modify num number primary key;

Table altered.

SQL> spool off